============================================================
Testing RAG Video Search Pipeline Components
============================================================

[1/6] Testing config loading...
python : Traceback (most 
recent call last):
At line:1 char:1
+ python test_pipeline.py 
2>&1 | Tee-Object -FilePath 
test_output.txt
+ 
~~~~~~~~~~~~~~~~~~~~~~~~~~~~
    + CategoryInfo           
   : NotSpecified: (Traceba  
  ck (most recent call las   
 t)::String) [], RemoteEx    
ception
    + FullyQualifiedErrorId  
   : NativeCommandError
 
  File "C:\Users\kvaru\Downlo
ads\Rag_Video_search_Pipeline
\test_pipeline.py", line 14, 
in <module>
    print(f"\u2713 Config 
loaded successfully")
  File "C:\Users\kvaru\AppDat
a\Local\Programs\Python\Pytho
n310\lib\encodings\cp1252.py"
, line 19, in encode
    return codecs.charmap_enc
ode(input,self.errors,encodin
g_table)[0]
UnicodeEncodeError: 
'charmap' codec can't encode 
character '\u2713' in 
position 0: character maps 
to <undefined>

During handling of the above 
exception, another exception 
occurred:

Traceback (most recent call 
last):
  File "C:\Users\kvaru\Downlo
ads\Rag_Video_search_Pipeline
\test_pipeline.py", line 18, 
in <module>
    print(f"\u2717 Config 
loading failed: {e}")
  File "C:\Users\kvaru\AppDat
a\Local\Programs\Python\Pytho
n310\lib\encodings\cp1252.py"
, line 19, in encode
    return codecs.charmap_enc
ode(input,self.errors,encodin
g_table)[0]
UnicodeEncodeError: 
'charmap' codec can't encode 
character '\u2717' in 
position 0: character maps 
to <undefined>
